============================= test session starts =============================
platform win32 -- Python 3.14.0, pytest-9.0.2, pluggy-1.6.0 -- Y:\Github\UnifyRoute\.venv\Scripts\python.exe
cachedir: .pytest_cache
rootdir: Y:\Github\UnifyRoute
configfile: pytest.ini
plugins: anyio-4.12.1, asyncio-1.3.0
asyncio: mode=Mode.AUTO, debug=False, asyncio_default_fixture_loop_scope=None, asyncio_default_test_loop_scope=function
collecting ... Y:\Github\UnifyRoute\brain\src\brain\tester.py:26: PytestCollectionWarning: cannot collect test class 'TestResult' because it has a __init__ constructor (from: tests/test_brain_tester.py)
  @dataclass
collected 201 items

tests/test_admin_models.py::TestAdminModelsList::test_list_models_returns_list PASSED [  0%]
tests/test_admin_models.py::TestAdminModelCreate::test_create_model_success PASSED [  0%]
tests/test_admin_models.py::TestAdminModelCreate::test_create_model_invalid_tier PASSED [  1%]
tests/test_admin_models.py::TestAdminModelUpdate::test_update_model_tier PASSED [  1%]
tests/test_admin_models.py::TestAdminModelUpdate::test_update_model_costs PASSED [  2%]
tests/test_admin_models.py::TestAdminModelUpdate::test_update_model_disable PASSED [  2%]
tests/test_admin_models.py::TestAdminModelUpdate::test_update_nonexistent_model PASSED [  3%]
tests/test_admin_models.py::TestAdminModelDelete::test_delete_model_success PASSED [  3%]
tests/test_admin_models.py::TestAdminModelDelete::test_delete_nonexistent_model PASSED [  4%]
tests/test_auth.py::TestAuthentication::test_unauthenticated_rejected_models PASSED [  4%]
tests/test_auth.py::TestAuthentication::test_unauthenticated_rejected_admin PASSED [  5%]
tests/test_auth.py::TestAuthentication::test_unauthenticated_rejected_chat PASSED [  5%]
tests/test_auth.py::TestAuthentication::test_invalid_token_rejected PASSED [  6%]
tests/test_auth.py::TestAuthentication::test_admin_token_accepted_on_admin_route PASSED [  6%]
tests/test_auth.py::TestAuthentication::test_api_token_accepted_on_models_route SKIPPED [  7%]
tests/test_auth.py::TestAuthentication::test_api_token_rejected_on_admin_routes SKIPPED [  7%]
tests/test_auth.py::TestAuthentication::test_api_token_rejected_on_admin_keys SKIPPED [  8%]
tests/test_brain_api.py::test_brain_status PASSED                        [  8%]
tests/test_brain_api.py::test_brain_import_yaml PASSED                   [  9%]
tests/test_brain_api.py::test_brain_import_json PASSED                   [  9%]
tests/test_brain_api.py::test_brain_import_invalid_format PASSED         [ 10%]
tests/test_brain_api.py::test_brain_test PASSED                          [ 10%]
tests/test_brain_api.py::test_brain_ranking PASSED                       [ 11%]
tests/test_brain_api.py::test_brain_select PASSED                        [ 11%]
tests/test_brain_api.py::test_brain_assign_provider_404 PASSED           [ 12%]
tests/test_brain_api.py::test_brain_remove_provider_404 PASSED           [ 12%]
tests/test_brain_api.py::test_brain_status_requires_admin SKIPPED (N...) [ 13%]
tests/test_brain_health.py::test_check_endpoint_success PASSED           [ 13%]
tests/test_brain_health.py::test_check_endpoint_401 PASSED               [ 14%]
tests/test_brain_health.py::test_check_endpoint_network_error PASSED     [ 14%]
tests/test_brain_health.py::test_check_provider_health_openai PASSED     [ 15%]
tests/test_brain_health.py::test_check_provider_health_anthropic_uses_custom_headers PASSED [ 15%]
tests/test_brain_health.py::test_check_provider_health_fireworks PASSED  [ 16%]
tests/test_brain_health.py::test_check_provider_health_unknown_provider_uses_fallback PASSED [ 16%]
tests/test_brain_importer.py::test_import_from_yaml_str_valid PASSED     [ 17%]
tests/test_brain_importer.py::test_import_from_yaml_str_invalid_yaml PASSED [ 17%]
tests/test_brain_importer.py::test_import_from_json_str_valid PASSED     [ 18%]
tests/test_brain_importer.py::test_import_from_json_str_invalid PASSED   [ 18%]
tests/test_brain_importer.py::test_import_skips_existing_provider PASSED [ 19%]
tests/test_brain_importer.py::test_import_missing_name_records_error PASSED [ 19%]
tests/test_brain_importer.py::test_import_credential_missing_api_key PASSED [ 20%]
tests/test_brain_ranker.py::test_rank_brain_providers_empty PASSED       [ 20%]
tests/test_brain_ranker.py::test_rank_prefers_healthy_over_unhealthy PASSED [ 21%]
tests/test_brain_ranker.py::test_rank_lower_priority_wins PASSED         [ 21%]
tests/test_brain_ranker.py::test_rank_returns_rankedentry_fields PASSED  [ 22%]
tests/test_brain_selector.py::test_select_for_brain_empty PASSED         [ 22%]
tests/test_brain_selector.py::test_select_for_brain_all_unhealthy PASSED [ 23%]
tests/test_brain_selector.py::test_select_for_brain_success PASSED       [ 23%]
tests/test_brain_tester.py::test_brain_credentials_empty_list PASSED     [ 24%]
tests/test_brain_tester.py::test_brain_credentials_healthy_entry PASSED  [ 24%]
tests/test_brain_tester.py::test_brain_credentials_unhealthy_entry PASSED [ 25%]
tests/test_brain_tester.py::test_get_cached_health_no_redis PASSED       [ 25%]
tests/test_chat_completions.py::TestChatCompletionsInput::test_missing_model_rejected SKIPPED [ 26%]
tests/test_chat_completions.py::TestChatCompletionsInput::test_missing_messages_rejected SKIPPED [ 26%]
tests/test_chat_completions.py::TestChatCompletionsInput::test_empty_model_accepted_but_no_candidates SKIPPED [ 27%]
tests/test_chat_completions.py::TestChatCompletionsInput::test_unknown_alias_via_yaml_returns_error SKIPPED [ 27%]
tests/test_chat_completions.py::TestChatCompletionsInput::test_unauthenticated_chat_rejected PASSED [ 28%]
tests/test_chat_completions.py::TestVirtualModelRouting::test_virtual_model_request_returns_handled_response[lite] SKIPPED [ 28%]
tests/test_chat_completions.py::TestVirtualModelRouting::test_virtual_model_request_returns_handled_response[base] SKIPPED [ 29%]
tests/test_chat_completions.py::TestVirtualModelRouting::test_virtual_model_request_returns_handled_response[thinking] SKIPPED [ 29%]
tests/test_chat_completions.py::TestVirtualModelRouting::test_virtual_model_exhaustion_fallback SKIPPED [ 30%]
tests/test_chat_completions.py::TestVirtualModelRouting::test_unknown_alias_returns_mock_response SKIPPED [ 30%]
tests/test_chat_completions.py::TestCompletionsEndpoint::test_completions_missing_model SKIPPED [ 31%]
tests/test_chat_completions.py::TestCompletionsEndpoint::test_completions_missing_prompt SKIPPED [ 31%]
tests/test_chat_completions.py::TestCompletionsEndpoint::test_completions_delegates_to_chat SKIPPED [ 32%]
tests/test_chat_completions.py::TestCompletionsEndpoint::test_completions_unauthenticated PASSED [ 32%]
tests/test_chat_completions.py::TestCompletionsEndpoint::test_cost_usd_tracking_for_streams SKIPPED [ 33%]
tests/test_completions.py::TestCompletionsEndpoint::test_chat_completions_unauthorized PASSED [ 33%]
tests/test_completions.py::TestCompletionsEndpoint::test_chat_completions_unauthorized_stream PASSED [ 34%]
tests/test_connection_security.py::TestConnectionSecurity::test_connection_with_valid_token PASSED [ 34%]
tests/test_connection_security.py::TestConnectionSecurity::test_connection_with_expired_token PASSED [ 35%]
tests/test_connection_security.py::TestConnectionSecurity::test_cors_rejects_unknown_origin FAILED [ 35%]
tests/test_credentials.py::TestCredentialsList::test_list_credentials_returns_200 PASSED [ 36%]
tests/test_credentials.py::TestCredentialCreate::test_create_credential_success PASSED [ 36%]
tests/test_credentials.py::TestCredentialCreate::test_credential_secret_not_exposed PASSED [ 37%]
tests/test_credentials.py::TestCredentialDelete::test_delete_credential FAILED [ 37%]
tests/test_credentials.py::TestCredentialDelete::test_delete_nonexistent_credential PASSED [ 38%]
tests/test_credentials.py::TestCredentialVerify::test_verify_credential_returns_result PASSED [ 38%]
tests/test_credentials.py::TestCredentialVerify::test_verify_message_is_descriptive PASSED [ 39%]
tests/test_credentials.py::TestCredentialVerify::test_verify_response_has_latency PASSED [ 39%]
tests/test_credentials.py::TestCredentialVerify::test_verify_nonexistent_credential_returns_404 PASSED [ 40%]
tests/test_credentials.py::TestCredentialQuota::test_quota_check_returns_200 PASSED [ 40%]
tests/test_credentials.py::TestCredentialQuota::test_quota_response_always_has_tokens_remaining_field PASSED [ 41%]
tests/test_credentials.py::TestCredentialQuota::test_quota_response_always_has_requests_remaining_field PASSED [ 41%]
tests/test_credentials.py::TestCredentialQuota::test_quota_no_data_has_message PASSED [ 42%]
tests/test_credentials.py::TestCredentialQuota::test_quota_nonexistent_credential_returns_404 PASSED [ 42%]
tests/test_credentials.py::TestSyncModels::test_sync_models_returns_200 PASSED [ 43%]
tests/test_credentials.py::TestSyncModels::test_sync_models_response_has_descriptive_message PASSED [ 43%]
tests/test_credentials.py::TestSyncModels::test_sync_models_nonexistent_provider_returns_404 PASSED [ 44%]
tests/test_db.py::test_db PASSED                                         [ 44%]
tests/test_fireworks.py::test_fireworks_adapter_init PASSED              [ 45%]
tests/test_fireworks.py::test_list_models_success PASSED                 [ 45%]
tests/test_fireworks.py::test_list_models_auth_failure PASSED            [ 46%]
tests/test_fireworks.py::test_get_quota_success FAILED                   [ 46%]
tests/test_fireworks.py::test_get_quota_failure PASSED                   [ 47%]
tests/test_fireworks.py::test_fireworks_listed_in_registry PASSED        [ 47%]
tests/test_gateway_health.py::TestGatewayHealth::test_root_returns_ok SKIPPED [ 48%]
tests/test_gateway_health.py::TestGatewayHealth::test_models_endpoint_returns_list SKIPPED [ 48%]
tests/test_gateway_health.py::TestGatewayHealth::test_admin_brain_status_returns_200 PASSED [ 49%]
tests/test_gateway_health.py::TestGatewayHealth::test_openai_compat_endpoint_exists SKIPPED [ 49%]
tests/test_gateway_health.py::TestGatewayHealth::test_admin_providers_returns_list PASSED [ 50%]
tests/test_gateway_health.py::TestGatewayHealth::test_admin_credentials_returns_list PASSED [ 50%]
tests/test_gateway_health.py::TestGatewayHealth::test_admin_models_returns_list PASSED [ 51%]
tests/test_gateway_health.py::TestGatewayHealth::test_admin_routing_returns_config PASSED [ 51%]
tests/test_key_reveal.py::TestKeyReveal::test_reveal_key_returns_hash_prefix PASSED [ 52%]
tests/test_key_reveal.py::TestKeyReveal::test_reveal_nonexistent_key_404 PASSED [ 52%]
tests/test_key_update.py::TestKeyUpdate::test_update_key_label_success PASSED [ 53%]
tests/test_key_update.py::TestKeyUpdate::test_update_key_nonexistent_404 PASSED [ 53%]
tests/test_key_update.py::TestKeyUpdate::test_update_key_empty_label_rejected FAILED [ 54%]
tests/test_keys.py::TestKeysList::test_list_keys_returns_list PASSED     [ 54%]
tests/test_keys.py::TestKeysList::test_list_keys_contains_id_and_label PASSED [ 55%]
tests/test_keys.py::TestKeyCreate::test_create_api_key_returns_token_once FAILED [ 55%]
tests/test_keys.py::TestKeyCreate::test_create_key_without_explicit_scope PASSED [ 56%]
tests/test_keys.py::TestKeyCreate::test_created_api_key_is_functional PASSED [ 56%]
tests/test_keys.py::TestKeyDelete::test_delete_key_success FAILED        [ 57%]
tests/test_keys.py::TestKeyDelete::test_delete_nonexistent_key PASSED    [ 57%]
tests/test_keys.py::TestKeyDelete::test_deleted_key_is_rejected PASSED   [ 58%]
tests/test_litellm_mock.py::test_mock_generate_error PASSED              [ 58%]
tests/test_models_endpoint.py::TestModelsEndpoint::test_api_token_sees_only_virtual_models SKIPPED [ 59%]
tests/test_models_endpoint.py::TestModelsEndpoint::test_api_token_model_object_shape SKIPPED [ 59%]
tests/test_models_endpoint.py::TestModelsEndpoint::test_admin_token_sees_full_catalog FAILED [ 60%]
tests/test_models_endpoint.py::TestModelsEndpoint::test_admin_sees_more_than_api_token SKIPPED [ 60%]
tests/test_oauth_routes.py::TestOAuthRoutes::test_start_with_nonexistent_provider PASSED [ 61%]
tests/test_oauth_routes.py::TestOAuthRoutes::test_start_unauthenticated FAILED [ 61%]
tests/test_oauth_routes.py::TestOAuthRoutes::test_callback_unauthenticated FAILED [ 62%]
tests/test_oauth_routes.py::TestOAuthRoutes::test_callback_with_invalid_state PASSED [ 62%]
tests/test_openrouter.py::test_openrouter PASSED                         [ 63%]
tests/test_providers.py::TestProvidersList::test_list_providers_returns_200 PASSED [ 63%]
tests/test_providers.py::TestProvidersList::test_api_token_can_access_providers_list SKIPPED [ 64%]
tests/test_providers.py::TestProviderCreate::test_create_provider_success PASSED [ 64%]
tests/test_providers.py::TestProviderCreate::test_create_provider_invalid_auth_type PASSED [ 65%]
tests/test_providers.py::TestProviderUpdate::test_update_provider_display_name PASSED [ 65%]
tests/test_providers.py::TestProviderUpdate::test_update_provider_toggle_enabled PASSED [ 66%]
tests/test_providers.py::TestProviderUpdate::test_update_nonexistent_provider PASSED [ 66%]
tests/test_providers.py::TestProviderDelete::test_delete_nonexistent_provider PASSED [ 67%]
tests/test_providers.py::TestProviderDelete::test_create_and_delete_provider PASSED [ 67%]
tests/test_providers.py::TestProviderSeed::test_seed_providers FAILED    [ 68%]
tests/test_quota_pollers.py::test_groq_invalid_key_returns_zero PASSED   [ 68%]
tests/test_quota_pollers.py::test_mistral_invalid_key_returns_zero PASSED [ 69%]
tests/test_quota_pollers.py::test_cohere_invalid_key_returns_zero PASSED [ 69%]
tests/test_quota_pollers.py::test_gemini_invalid_key_returns_zero PASSED [ 70%]
tests/test_quota_pollers.py::test_deepseek_invalid_key_returns_zero FAILED [ 70%]
tests/test_quota_pollers.py::test_groq_reads_ratelimit_headers PASSED    [ 71%]
tests/test_quota_pollers.py::test_mistral_reads_ratelimit_headers PASSED [ 71%]
tests/test_quota_pollers.py::test_cohere_reads_ratelimit_headers PASSED  [ 72%]
tests/test_quota_pollers.py::test_together_reads_ratelimit_headers PASSED [ 72%]
tests/test_quota_pollers.py::test_xai_reads_ratelimit_headers PASSED     [ 73%]
tests/test_quota_pollers.py::test_groq_falls_back_to_default_without_headers PASSED [ 73%]
tests/test_quota_pollers.py::test_perplexity_falls_back_to_default_without_headers PASSED [ 74%]
tests/test_quota_pollers.py::test_cerebras_falls_back_to_default_without_headers PASSED [ 74%]
tests/test_quota_pollers.py::test_gemini_falls_back_to_1m_default PASSED [ 75%]
tests/test_quota_pollers.py::test_gemini_reads_ratelimit_headers_when_present PASSED [ 75%]
tests/test_router_core.py::test_candidate_instantiation PASSED           [ 76%]
tests/test_router_core.py::test_detect_task_type_simple PASSED           [ 76%]
tests/test_router_core.py::test_detect_task_type_coding PASSED           [ 77%]
tests/test_router_core.py::test_detect_task_type_analysis PASSED         [ 77%]
tests/test_router_core.py::test_detect_task_type_creative PASSED         [ 78%]
tests/test_router_core.py::test_detect_task_type_translation PASSED      [ 78%]
tests/test_router_core.py::test_detect_task_type_empty_message PASSED    [ 79%]
tests/test_router_core.py::test_auto_select_tier_simple_returns_lite PASSED [ 79%]
tests/test_router_core.py::test_auto_select_tier_coding_returns_thinking PASSED [ 80%]
tests/test_router_core.py::test_auto_select_tier_many_messages_returns_thinking PASSED [ 80%]
tests/test_router_core.py::test_auto_select_tier_medium_conversation_base PASSED [ 81%]
tests/test_router_core.py::test_auto_select_tier_high_max_tokens_thinking PASSED [ 81%]
tests/test_routing_config.py::TestRoutingConfig::test_get_routing_config PASSED [ 82%]
tests/test_routing_config.py::TestRoutingConfig::test_post_routing_config_valid_yaml PASSED [ 82%]
tests/test_routing_config.py::TestRoutingConfig::test_post_routing_config_invalid_yaml PASSED [ 83%]
tests/test_routing_config.py::TestRoutingConfig::test_routing_roundtrip PASSED [ 83%]
tests/test_routing_tiers.py::TestTierRoutingIsolation::test_all_three_tiers_have_models PASSED [ 84%]
tests/test_routing_tiers.py::TestTierRoutingIsolation::test_each_tier_recognized_in_routing[lite] SKIPPED [ 84%]
tests/test_routing_tiers.py::TestTierRoutingIsolation::test_each_tier_recognized_in_routing[base] SKIPPED [ 85%]
tests/test_routing_tiers.py::TestTierRoutingIsolation::test_each_tier_recognized_in_routing[thinking] SKIPPED [ 85%]
tests/test_routing_tiers.py::TestTierRoutingIsolation::test_models_list_shows_admin_catalog PASSED [ 86%]
tests/test_routing_tiers.py::TestTierRoutingIsolation::test_admin_models_list_includes_all_tiers PASSED [ 86%]
tests/test_routing_tiers.py::TestTierRoutingIsolation::test_cost_usd_tracking_for_streams SKIPPED [ 87%]
tests/test_shared_security.py::test_encrypt_decrypt_roundtrip PASSED     [ 87%]
tests/test_shared_security.py::test_different_ivs_produce_different_ciphertext PASSED [ 88%]
tests/test_shared_security.py::test_decrypt_empty_string PASSED          [ 88%]
tests/test_shared_security.py::test_corrupted_ciphertext_raises PASSED   [ 89%]
tests/test_stream_cost_unit.py::test_token_counting_with_provider_usage PASSED [ 89%]
tests/test_stream_cost_unit.py::test_token_counting_fallback_without_provider_usage PASSED [ 90%]
tests/test_stream_cost_unit.py::test_cost_calculation PASSED             [ 90%]
tests/test_stream_cost_unit.py::test_zero_tokens_results_in_zero_cost PASSED [ 91%]
tests/test_sync_models.py::TestSyncModels::test_sync_nonexistent_provider_returns_404 PASSED [ 91%]
tests/test_sync_models.py::TestSyncModels::test_sync_provider_without_credentials_returns_400 FAILED [ 92%]
tests/test_sync_models.py::TestSyncModels::test_sync_provider_with_fake_cred_attempts_fetch PASSED [ 92%]
tests/test_wizard_api.py::TestAvailableProviders::test_returns_200_list FAILED [ 93%]
tests/test_wizard_api.py::TestAvailableProviders::test_includes_known_providers FAILED [ 93%]
tests/test_wizard_api.py::TestAvailableProviders::test_provider_shape FAILED [ 94%]
tests/test_wizard_api.py::TestAvailableProviders::test_catalog_providers_flagged FAILED [ 94%]
tests/test_wizard_api.py::TestAvailableProviders::test_requires_auth PASSED [ 95%]
tests/test_wizard_api.py::TestWizardModels::test_known_provider_returns_catalog PASSED [ 95%]
tests/test_wizard_api.py::TestWizardModels::test_model_shape FAILED      [ 96%]
tests/test_wizard_api.py::TestWizardModels::test_anthropic_catalog PASSED [ 96%]
tests/test_wizard_api.py::TestWizardModels::test_unknown_provider_returns_empty_catalog PASSED [ 97%]
tests/test_wizard_api.py::TestWizardModels::test_requires_auth PASSED    [ 97%]
tests/test_wizard_api.py::TestWizardOnboard::test_onboard_creates_provider_credential_model PASSED [ 98%]
tests/test_wizard_api.py::TestWizardOnboard::test_onboard_with_routing_updates_config PASSED [ 98%]
tests/test_wizard_api.py::TestWizardOnboard::test_onboard_skips_duplicate_credential PASSED [ 99%]
tests/test_wizard_api.py::TestWizardOnboard::test_onboard_empty_payload_succeeds PASSED [ 99%]
tests/test_wizard_api.py::TestWizardOnboard::test_onboard_requires_auth PASSED [100%]

================================== FAILURES ===================================
___________ TestConnectionSecurity.test_cors_rejects_unknown_origin ___________
tests\test_connection_security.py:54: in test_cors_rejects_unknown_origin
    assert "access-control-allow-origin" not in res.headers or res.headers["access-control-allow-origin"] != "http://malicious.com"
E   AssertionError: assert ('access-control-allow-origin' not in Headers({'date': 'Fri, 06 Mar 2026 13:52:28 GMT', 'server': 'uvicorn', 'vary': 'Origin', 'access-control-allow-methods': 'DELETE, GET, HEAD, OPTIONS, PATCH, POST, PUT', 'access-control-max-age': '600', 'access-control-allow-credentials': 'true', 'access-control-allow-origin': 'http://malicious.com', 'content-length': '2', 'content-type': 'text/plain; charset=utf-8'}) or 'http://malicious.com' != 'http://malicious.com')
E    +  where Headers({'date': 'Fri, 06 Mar 2026 13:52:28 GMT', 'server': 'uvicorn', 'vary': 'Origin', 'access-control-allow-methods': 'DELETE, GET, HEAD, OPTIONS, PATCH, POST, PUT', 'access-control-max-age': '600', 'access-control-allow-credentials': 'true', 'access-control-allow-origin': 'http://malicious.com', 'content-length': '2', 'content-type': 'text/plain; charset=utf-8'}) = <Response [200 OK]>.headers
_________________ TestCredentialDelete.test_delete_credential _________________
tests\test_credentials.py:100: in test_delete_credential
    assert r2.json()["status"] == "deleted"
E   AssertionError: assert 'success' == 'deleted'
E     
E     - deleted
E     + success
___________________________ test_get_quota_success ____________________________
tests\test_fireworks.py:76: in test_get_quota_success
    assert quota.tokens_remaining == 500_000
E   assert 1 == 500000
E    +  where 1 = <router.adapters.base.QuotaInfo object at 0x0000029A55F59A90>.tokens_remaining
_____________ TestKeyUpdate.test_update_key_empty_label_rejected ______________
tests\test_key_update.py:41: in test_update_key_empty_label_rejected
    assert r_update.status_code == 422
E   assert 200 == 422
E    +  where 200 = <Response [200 OK]>.status_code
____________ TestKeyCreate.test_create_api_key_returns_token_once _____________
tests\test_keys.py:41: in test_create_api_key_returns_token_once
    assert body["token"].startswith("sk-")
E   AssertionError: assert False
E    +  where False = <built-in method startswith of str object at 0x0000029A5609B5D0>('sk-')
E    +    where <built-in method startswith of str object at 0x0000029A5609B5D0> = 'unifyroute-OC7zmeCJq2jhL7LUYQboLIcawmCi4zD1P02IhCi9k9E'.startswith
____________________ TestKeyDelete.test_delete_key_success ____________________
tests\test_keys.py:88: in test_delete_key_success
    assert r2.json()["status"] == "deleted"
E   AssertionError: assert 'success' == 'deleted'
E     
E     - deleted
E     + success
____________ TestModelsEndpoint.test_admin_token_sees_full_catalog ____________
tests\test_models_endpoint.py:43: in test_admin_token_sees_full_catalog
    assert count >= 3, "Admin catalog should have at least the virtual 3 models"
E   AssertionError: Admin catalog should have at least the virtual 3 models
E   assert 0 >= 3
_________________ TestOAuthRoutes.test_start_unauthenticated __________________
tests\test_oauth_routes.py:25: in test_start_unauthenticated
    assert r.status_code in (401, 403), r.text
E   AssertionError: {"error":{"message":"API Gateway Error: Not Found","type":"gateway_error","code":404}}
E   assert 404 in (401, 403)
E    +  where 404 = <Response [404 Not Found]>.status_code
________________ TestOAuthRoutes.test_callback_unauthenticated ________________
tests\test_oauth_routes.py:31: in test_callback_unauthenticated
    assert r.status_code in (401, 403), r.text
E   AssertionError: {"error":{"message":"API Gateway Error: Not Found","type":"gateway_error","code":404}}
E   assert 404 in (401, 403)
E    +  where 404 = <Response [404 Not Found]>.status_code
____________________ TestProviderSeed.test_seed_providers _____________________
tests\test_providers.py:125: in test_seed_providers
    assert r.status_code == 200
E   assert 422 == 200
E    +  where 422 = <Response [422 Unprocessable Content]>.status_code
___________________ test_deepseek_invalid_key_returns_zero ____________________
tests\test_quota_pollers.py:83: in test_deepseek_invalid_key_returns_zero
    assert result.tokens_remaining == 0
E   assert 100000 == 0
E    +  where 100000 = <router.adapters.base.QuotaInfo object at 0x0000029A55F89F20>.tokens_remaining
______ TestSyncModels.test_sync_provider_without_credentials_returns_400 ______
tests\test_sync_models.py:60: in test_sync_provider_without_credentials_returns_400
    assert r2.status_code == 400
E   assert 200 == 400
E    +  where 200 = <Response [200 OK]>.status_code
________________ TestAvailableProviders.test_returns_200_list _________________
tests\test_wizard_api.py:29: in test_returns_200_list
    assert r.status_code == 200, r.text
E   AssertionError: {"error":{"message":"API Gateway Error: cannot import name 'all_providers_with_catalog' from 'api_gateway.routes.model_catalog' (Y:\\Github\\UnifyRoute\\api-gateway\\src\\api_gateway\\routes\\model_catalog.py)","type":"internal_error","details":"cannot import name 'all_providers_with_catalog' from 'api_gateway.routes.model_catalog' (Y:\\Github\\UnifyRoute\\api-gateway\\src\\api_gateway\\routes\\model_catalog.py)"}}
E   assert 500 == 200
E    +  where 500 = <Response [500 Internal Server Error]>.status_code
____________ TestAvailableProviders.test_includes_known_providers _____________
tests\test_wizard_api.py:36: in test_includes_known_providers
    names = {p["name"] for p in r.json()}
             ^^^^^^^^^
E   TypeError: string indices must be integers, not 'str'
_________________ TestAvailableProviders.test_provider_shape __________________
tests\test_wizard_api.py:42: in test_provider_shape
    item = next((p for p in r.json() if p["name"] == "openai"), None)
           ^^^^^^^^^^^^^^^^^^^^^^^^^^^^^^^^^^^^^^^^^^^^^^^^^^^^^^^^^^
tests\test_wizard_api.py:42: in <genexpr>
    item = next((p for p in r.json() if p["name"] == "openai"), None)
                                        ^^^^^^^^^
E   TypeError: string indices must be integers, not 'str'
____________ TestAvailableProviders.test_catalog_providers_flagged ____________
tests\test_wizard_api.py:53: in test_catalog_providers_flagged
    catalog_entries = [p for p in r.json() if p["has_catalog"]]
                                              ^^^^^^^^^^^^^^^^
E   TypeError: string indices must be integers, not 'str'
______________________ TestWizardModels.test_model_shape ______________________
tests\test_wizard_api.py:80: in test_model_shape
    assert field in model, f"Expected field '{field}' in model entry"
E   AssertionError: Expected field 'default_enabled' in model entry
E   assert 'default_enabled' in {'context_window': 128000, 'display_name': 'GPT-4o (Latest)', 'input_cost_per_1k': 0.003, 'model_id': 'gpt-4o', ...}
=========================== short test summary info ===========================
FAILED tests/test_connection_security.py::TestConnectionSecurity::test_cors_rejects_unknown_origin
FAILED tests/test_credentials.py::TestCredentialDelete::test_delete_credential
FAILED tests/test_fireworks.py::test_get_quota_success - assert 1 == 500000
FAILED tests/test_key_update.py::TestKeyUpdate::test_update_key_empty_label_rejected
FAILED tests/test_keys.py::TestKeyCreate::test_create_api_key_returns_token_once
FAILED tests/test_keys.py::TestKeyDelete::test_delete_key_success - Assertion...
FAILED tests/test_models_endpoint.py::TestModelsEndpoint::test_admin_token_sees_full_catalog
FAILED tests/test_oauth_routes.py::TestOAuthRoutes::test_start_unauthenticated
FAILED tests/test_oauth_routes.py::TestOAuthRoutes::test_callback_unauthenticated
FAILED tests/test_providers.py::TestProviderSeed::test_seed_providers - asser...
FAILED tests/test_quota_pollers.py::test_deepseek_invalid_key_returns_zero - ...
FAILED tests/test_sync_models.py::TestSyncModels::test_sync_provider_without_credentials_returns_400
FAILED tests/test_wizard_api.py::TestAvailableProviders::test_returns_200_list
FAILED tests/test_wizard_api.py::TestAvailableProviders::test_includes_known_providers
FAILED tests/test_wizard_api.py::TestAvailableProviders::test_provider_shape
FAILED tests/test_wizard_api.py::TestAvailableProviders::test_catalog_providers_flagged
FAILED tests/test_wizard_api.py::TestWizardModels::test_model_shape - Asserti...
================= 17 failed, 156 passed, 28 skipped in 34.41s =================
